[demo.bosathemes.com/rockway/index04b9.html]
[backblue.gif]
[fade.gif]
[index.html]
[demo.bosathemes.com/rockway/wp-content/uploads/sites/26/premium-addons-elementor/pa-frontend-2d05e298a.min523b.css]
[demo.bosathemes.com/rockway/wp-content/plugins/template-kit-export/assets/public/template-kit-export-public9811.css]
[demo.bosathemes.com/rockway/feed/index.html]
[demo.bosathemes.com/rockway/wp-content/plugins/woocommerce/assets/css/woocommerce-layout457f.css]
[demo.bosathemes.com/rockway/wp-content/plugins/woocommerce/assets/css/woocommerce-smallscreen457f.css]
[demo.bosathemes.com/rockway/wp-content/plugins/woocommerce/assets/css/woocommerce457f.css]
[demo.bosathemes.com/rockway/wp-content/themes/hello-elementor/style.min5b75.css]
[demo.bosathemes.com/rockway/wp-content/themes/hello-elementor/theme.min5b75.css]
[demo.bosathemes.com/rockway/wp-content/themes/hello-elementor/header-footer.min5b75.css]
[demo.bosathemes.com/rockway/wp-content/plugins/elementor/assets/css/frontend-lite.min93d8.css]
[demo.bosathemes.com/rockway/wp-content/uploads/sites/26/elementor/css/post-12fb1c.css]
[demo.bosathemes.com/rockway/wp-content/plugins/elementor/assets/lib/eicons/css/elementor-icons.mine94d.css]
[demo.bosathemes.com/rockway/wp-content/plugins/elementor/assets/lib/swiper/v8/css/swiper.min94a4.css]
[demo.bosathemes.com/rockway/wp-content/plugins/elementor-pro/assets/css/frontend-lite.mina2f3.css]
[demo.bosathemes.com/rockway/wp-content/uploads/sites/26/elementor/css/post-121076ee.css]
[demo.bosathemes.com/rockway/wp-content/uploads/sites/26/elementor/css/post-4594ec.css]
[demo.bosathemes.com/rockway/wp-content/uploads/sites/26/elementor/css/post-4894ec.css]
[demo.bosathemes.com/rockway/wp-content/plugins/elementskit-lite/modules/elementskit-icon-pack/assets/css/ekiticonsdeae.css]
[demo.bosathemes.com/rockway/wp-content/plugins/elementskit-lite/widgets/init/assets/css/widget-stylesdeae.css]
[demo.bosathemes.com/rockway/wp-content/plugins/elementskit-lite/widgets/init/assets/css/responsivedeae.css]
[demo.bosathemes.com/rockway/wp-content/plugins/elementor/assets/lib/font-awesome/css/fontawesome.min52d5.css]
[demo.bosathemes.com/rockway/wp-content/plugins/elementor/assets/lib/font-awesome/css/solid.min52d5.css]
[demo.bosathemes.com/rockway/wp-content/plugins/elementor/assets/lib/font-awesome/css/brands.min52d5.css]
[demo.bosathemes.com/rockway/wp-includes/js/jquery/jquery.minf43b.js]
[demo.bosathemes.com/rockway/wp-includes/js/jquery/jquery-migrate.min5589.js]
[demo.bosathemes.com/rockway/wp-content/plugins/template-kit-export/assets/public/template-kit-export-public9811.js]
[demo.bosathemes.com/rockway/wp-content/plugins/woocommerce/assets/js/jquery-blockui/jquery.blockUI.min4485.js]
[demo.bosathemes.com/rockway/wp-content/plugins/woocommerce/assets/js/frontend/add-to-cart.min457f.js]
[demo.bosathemes.com/rockway/wp-content/plugins/woocommerce/assets/js/js-cookie/js.cookie.mina682.js]
[demo.bosathemes.com/rockway/wp-content/plugins/woocommerce/assets/js/frontend/woocommerce.min457f.js]
[demo.bosathemes.com/rockway/wp-json/wp/v2/pages/1210.json]
[demo.bosathemes.com/rockway/wp-json/index.html]
[demo.bosathemes.com/rockway/xmlrpc0db0.php]
[demo.bosathemes.com/rockway/wp-json/oembed/1.0/embedbc23.json]
[demo.bosathemes.com/rockway/index.html]
[demo.bosathemes.com/rockway/wp-json/oembed/1.0/embeddc1a]
[demo.bosathemes.com/rockway/wp-content/plugins/woocommerce/assets/fonts/Inter-VariableFont_slnt,wght.woff2]
[demo.bosathemes.com/rockway/wp-content/plugins/woocommerce/assets/fonts/cardo_normal_400.woff2]
[demo.bosathemes.com/rockway/wp-content/uploads/sites/26/2022/03/rockway-fabicon-100x100.png]
[demo.bosathemes.com/rockway/wp-content/uploads/sites/26/2022/03/rockway-fabicon-300x300.png]
[demo.bosathemes.com/rockway/wp-content/uploads/sites/26/2022/03/rockway-logo.png]
[demo.bosathemes.com/rockway/wp-content/plugins/elementor-pro/assets/css/widget-nav-menu.min7c88.css]
[demo.bosathemes.com/rockway/wp-content/plugins/elementor-pro/assets/css/widget-woocommerce.min7c88.css]
[demo.bosathemes.com/rockway/wp-content/uploads/sites/26/2022/05/homepage.jpg]
[demo.bosathemes.com/rockway/template-kit/about-us/index.html]
[demo.bosathemes.com/rockway/wp-content/uploads/sites/26/2022/05/about-us.jpg]
[demo.bosathemes.com/rockway/template-kit/home/index.html]
[demo.bosathemes.com/rockway/wp-content/uploads/sites/26/2022/05/feature-album.jpg]
[demo.bosathemes.com/rockway/template-kit/song-collection/index.html]
[demo.bosathemes.com/rockway/template-kit/our-artist/index.html]
[demo.bosathemes.com/rockway/wp-content/uploads/sites/26/2022/05/song-collection.jpg]
[demo.bosathemes.com/rockway/template-kit/music-videos/index.html]
[demo.bosathemes.com/rockway/wp-content/uploads/sites/26/2022/05/our-artist.jpg]
[demo.bosathemes.com/rockway/template-kit/event-list/index.html]
[demo.bosathemes.com/rockway/template-kit/feature-album/index.html]
[demo.bosathemes.com/rockway/wp-content/uploads/sites/26/2022/05/music-videos.jpg]
[demo.bosathemes.com/rockway/template-kit/single-event/index.html]
[demo.bosathemes.com/rockway/template-kit/gallery/index.html]
[demo.bosathemes.com/rockway/wp-content/uploads/sites/26/2022/05/event-list.jpg]
[demo.bosathemes.com/rockway/template-kit/reviews/index.html]
[demo.bosathemes.com/rockway/wp-content/uploads/sites/26/2022/05/single-event.jpg]
[demo.bosathemes.com/rockway/index419c.html]
[demo.bosathemes.com/rockway/wp-content/uploads/sites/26/2022/05/gallery.jpg]
[demo.bosathemes.com/rockway/index5b17.html]
[demo.bosathemes.com/rockway/wp-content/uploads/sites/26/2022/05/reviews.jpg]
[demo.bosathemes.com/rockway/wp-content/uploads/sites/26/2022/05/blog-archive.jpg]
[demo.bosathemes.com/rockway/index89f6.html]
[demo.bosathemes.com/rockway/wp-content/uploads/sites/26/2022/05/single-page.jpg]
[demo.bosathemes.com/rockway/template-kit/coming-soon/index.html]
[demo.bosathemes.com/rockway/wp-content/uploads/sites/26/2022/05/single-post.jpg]
[demo.bosathemes.com/rockway/wp-content/uploads/sites/26/2022/05/product-archive.jpg]
[demo.bosathemes.com/rockway/wp-content/uploads/sites/26/2022/05/single-product.jpg]
[demo.bosathemes.com/rockway/indexfd1d.html]
[demo.bosathemes.com/rockway/2022/03/30/greenland-live-street-festival-2022/index.html]
[demo.bosathemes.com/rockway/shop/index.html]
[demo.bosathemes.com/rockway/wp-content/uploads/sites/26/2022/05/contact.jpg]
[demo.bosathemes.com/rockway/product/band-sweat-shirt/index.html]
[demo.bosathemes.com/rockway/wp-content/uploads/sites/26/2022/05/search-result.jpg]
[demo.bosathemes.com/rockway/template-kit/contact/index.html]
[demo.bosathemes.com/rockway/wp-content/uploads/sites/26/2022/05/404-page.jpg]
[demo.bosathemes.com/rockway/wp-content/uploads/sites/26/2022/05/cart.jpg]
[demo.bosathemes.com/rockway/wp-content/uploads/sites/26/2022/05/checkout.jpg]
[demo.bosathemes.com/rockway/wp-content/uploads/sites/26/2022/05/my-account.jpg]
[demo.bosathemes.com/rockway/cart/index.html]
[demo.bosathemes.com/rockway/wp-content/uploads/sites/26/2022/05/coming-soon.jpg]
[demo.bosathemes.com/rockway/wp-content/plugins/woocommerce/assets/client/blocks/wc-blocksffe6.css]
[demo.bosathemes.com/rockway/wp-content/uploads/sites/26/elementor/css/post-106594ec.css]
[demo.bosathemes.com/rockway/wp-content/plugins/premium-addons-for-elementor/assets/frontend/min-css/prettyphoto.min2faf.css]
[demo.bosathemes.com/rockway/my-account/index.html]
[demo.bosathemes.com/rockway/wp-content/uploads/sites/26/premium-addons-elementor/pa-frontend-2d05e298a.min523b.js]
[demo.bosathemes.com/rockway/wp-content/plugins/woocommerce/assets/js/sourcebuster/sourcebuster.min457f.js]
[demo.bosathemes.com/rockway/wp-content/plugins/woocommerce/assets/js/frontend/order-attribution.min457f.js]
[demo.bosathemes.com/rockway/wp-content/themes/hello-elementor/assets/js/hello-frontend.min5b75.js]
[demo.bosathemes.com/rockway/wp-content/plugins/elementskit-lite/libs/framework/assets/js/frontend-scriptdeae.js]
[demo.bosathemes.com/rockway/wp-content/plugins/elementskit-lite/widgets/init/assets/js/widget-scriptsdeae.js]
[demo.bosathemes.com/rockway/wp-content/plugins/premium-addons-for-elementor/assets/frontend/min-js/premium-wrapper-link.min2faf.js]
[demo.bosathemes.com/rockway/wp-content/plugins/elementor-pro/assets/lib/smartmenus/jquery.smartmenus.min1576.js]
[demo.bosathemes.com/rockway/wp-content/plugins/woocommerce/assets/js/frontend/cart-fragments.min457f.js]
[demo.bosathemes.com/rockway/wp-content/plugins/elementor/assets/lib/jquery-numerator/jquery-numerator.min3958.js]
[demo.bosathemes.com/rockway/wp-includes/js/imagesloaded.minbb93.js]
[demo.bosathemes.com/rockway/wp-content/plugins/premium-addons-for-elementor/assets/frontend/min-js/prettyPhoto.min2faf.js]
[demo.bosathemes.com/rockway/wp-content/plugins/premium-addons-for-elementor/assets/frontend/min-js/isotope.min2faf.js]
[demo.bosathemes.com/rockway/wp-content/plugins/elementor-pro/assets/js/webpack-pro.runtime.mina2f3.js]
[demo.bosathemes.com/rockway/wp-content/plugins/elementor/assets/js/webpack.runtime.min93d8.js]
[demo.bosathemes.com/rockway/wp-content/plugins/elementor/assets/js/frontend-modules.min93d8.js]
[demo.bosathemes.com/rockway/wp-includes/js/dist/vendor/wp-polyfill-inert.min0226.js]
[demo.bosathemes.com/rockway/wp-includes/js/dist/vendor/regenerator-runtime.min6c85.js]
[demo.bosathemes.com/rockway/wp-includes/js/dist/vendor/wp-polyfill.min2c7c.js]
[demo.bosathemes.com/rockway/wp-includes/js/dist/hooks.min2757.js]
[demo.bosathemes.com/rockway/wp-includes/js/dist/i18n.minc33c.js]
[demo.bosathemes.com/rockway/wp-content/plugins/elementor-pro/assets/js/frontend.mina2f3.js]
[demo.bosathemes.com/rockway/wp-content/plugins/elementor/assets/lib/waypoints/waypoints.min05da.js]
[demo.bosathemes.com/rockway/wp-includes/js/jquery/ui/core.min3f14.js]
[demo.bosathemes.com/rockway/wp-content/plugins/elementor/assets/js/frontend.min93d8.js]
[demo.bosathemes.com/rockway/wp-content/plugins/elementor-pro/assets/js/elements-handlers.mina2f3.js]
[demo.bosathemes.com/rockway/wp-content/plugins/elementskit-lite/widgets/init/assets/js/animate-circle.mindeae.js]
[demo.bosathemes.com/rockway/wp-content/plugins/elementskit-lite/widgets/init/assets/js/elementordeae.js]
[demo.bosathemes.com/rockway/index04b9.html]
[demo.bosathemes.com/rockway/wp-content/uploads/sites/26/premium-addons-elementor/pa-frontend-2d05e298a.min523b.css]
[demo.bosathemes.com/rockway/wp-content/plugins/template-kit-export/assets/public/template-kit-export-public9811.css]
[demo.bosathemes.com/rockway/wp-content/plugins/woocommerce/assets/css/woocommerce-layout457f.css]
[demo.bosathemes.com/rockway/wp-content/plugins/woocommerce/assets/css/woocommerce-smallscreen457f.css]
[demo.bosathemes.com/cdn-cgi/challenge-platform/h/b/scripts/jsd/bbfecc7f1c71/maind41d.js]
[demo.bosathemes.com/rockway/wp-content/plugins/woocommerce/assets/fonts/WooCommerce.woff2]
[demo.bosathemes.com/rockway/wp-content/plugins/woocommerce/assets/fonts/WooCommerce.woff]
[demo.bosathemes.com/rockway/wp-content/plugins/woocommerce/assets/fonts/WooCommerce.ttf]
[demo.bosathemes.com/rockway/wp-content/plugins/woocommerce/assets/images/icons/loader.svg]
[demo.bosathemes.com/rockway/wp-content/plugins/woocommerce/assets/images/icons/credit-cards/visa.svg]
[demo.bosathemes.com/rockway/wp-content/plugins/woocommerce/assets/images/icons/credit-cards/mastercard.svg]
[demo.bosathemes.com/rockway/wp-content/plugins/woocommerce/assets/images/icons/credit-cards/laser.svg]
[demo.bosathemes.com/rockway/wp-content/plugins/woocommerce/assets/images/icons/credit-cards/diners.svg]
[demo.bosathemes.com/rockway/wp-content/plugins/woocommerce/assets/images/icons/credit-cards/maestro.svg]
[demo.bosathemes.com/rockway/wp-content/plugins/woocommerce/assets/images/icons/credit-cards/jcb.svg]
[demo.bosathemes.com/rockway/wp-content/plugins/woocommerce/assets/images/icons/credit-cards/amex.svg]
[demo.bosathemes.com/rockway/wp-content/plugins/woocommerce/assets/css/woocommerce457f.css]
[demo.bosathemes.com/rockway/wp-content/themes/hello-elementor/style.min5b75.css]
[demo.bosathemes.com/rockway/wp-content/themes/hello-elementor/theme.min5b75.css]
[demo.bosathemes.com/rockway/wp-content/themes/hello-elementor/header-footer.min5b75.css]
[demo.bosathemes.com/rockway/wp-content/plugins/elementor/assets/css/frontend-lite.min93d8.css]
[demo.bosathemes.com/rockway/wp-content/uploads/sites/26/elementor/css/post-12fb1c.css]
[demo.bosathemes.com/rockway/wp-content/plugins/woocommerce/assets/images/icons/credit-cards/discover.svg]
[demo.bosathemes.com/rockway/wp-content/plugins/elementor/assets/lib/eicons/fonts/eiconsc63f.eot]
[demo.bosathemes.com/rockway/wp-content/plugins/elementor/assets/lib/eicons/fonts/eiconsc63f.woff2]
[demo.bosathemes.com/rockway/wp-content/plugins/elementor/assets/lib/eicons/fonts/eiconsc63f.woff]
[demo.bosathemes.com/rockway/wp-content/plugins/elementor/assets/lib/eicons/fonts/eiconsc63f.ttf]
[demo.bosathemes.com/rockway/wp-content/plugins/elementor/assets/lib/eicons/css/elementor-icons.mine94d.css]
[demo.bosathemes.com/rockway/wp-content/plugins/elementor/assets/lib/swiper/v8/css/swiper.min94a4.css]
[demo.bosathemes.com/rockway/wp-content/plugins/elementor-pro/assets/css/frontend-lite.mina2f3.css]
[demo.bosathemes.com/rockway/wp-content/plugins/elementor/assets/lib/eicons/fonts/eiconsc63f.svg]
[demo.bosathemes.com/rockway/wp-content/uploads/sites/26/2022/03/rockway-img2.jpg]
[demo.bosathemes.com/rockway/wp-content/uploads/sites/26/elementor/css/post-121076ee.css]
[demo.bosathemes.com/rockway/wp-content/uploads/sites/26/elementor/css/post-4594ec.css]
[demo.bosathemes.com/rockway/wp-content/uploads/sites/26/elementor/css/post-4894ec.css]
[demo.bosathemes.com/rockway/wp-content/plugins/elementskit-lite/modules/elementskit-icon-pack/assets/fonts/elementskit97ac.woff]
[demo.bosathemes.com/rockway/wp-content/plugins/elementskit-lite/modules/elementskit-icon-pack/assets/css/ekiticonsdeae.css]
[demo.bosathemes.com/rockway/wp-content/plugins/elementskit-lite/widgets/init/assets/img/arrow.png]
[demo.bosathemes.com/rockway/wp-content/plugins/elementskit-lite/widgets/init/assets/img/sort_asc.png]
[demo.bosathemes.com/rockway/wp-content/plugins/elementskit-lite/widgets/init/assets/img/sort_desc.png]
[demo.bosathemes.com/rockway/wp-content/plugins/elementskit-lite/widgets/init/assets/img/sort_asc_disabled.png]
[demo.bosathemes.com/rockway/wp-content/plugins/elementskit-lite/widgets/init/assets/css/widget-stylesdeae.css]
[demo.bosathemes.com/rockway/wp-content/plugins/elementskit-lite/widgets/init/assets/css/responsivedeae.css]
[demo.bosathemes.com/rockway/wp-content/plugins/elementor/assets/lib/font-awesome/css/fontawesome.min52d5.css]
[demo.bosathemes.com/rockway/wp-content/plugins/elementskit-lite/widgets/init/assets/img/cross-out.svg]
[demo.bosathemes.com/rockway/wp-content/plugins/elementor/assets/lib/font-awesome/webfonts/fa-solid-900.eot]
[demo.bosathemes.com/rockway/wp-content/plugins/elementor/assets/lib/font-awesome/webfonts/fa-solid-900d41d.eot]
[demo.bosathemes.com/rockway/wp-content/plugins/elementor/assets/lib/font-awesome/webfonts/fa-solid-900.woff2]
[demo.bosathemes.com/rockway/wp-content/plugins/elementor/assets/lib/font-awesome/webfonts/fa-solid-900.woff]
[demo.bosathemes.com/rockway/wp-content/plugins/elementor/assets/lib/font-awesome/webfonts/fa-solid-900.ttf]
[demo.bosathemes.com/rockway/wp-content/plugins/elementor/assets/lib/font-awesome/css/solid.min52d5.css]
[demo.bosathemes.com/rockway/wp-content/plugins/elementor/assets/lib/font-awesome/webfonts/fa-solid-900.svg]
[demo.bosathemes.com/rockway/wp-content/plugins/elementor/assets/lib/font-awesome/webfonts/fa-brands-400.eot]
[demo.bosathemes.com/rockway/wp-content/plugins/elementor/assets/lib/font-awesome/webfonts/fa-brands-400d41d.eot]
[demo.bosathemes.com/rockway/wp-content/plugins/elementor/assets/lib/font-awesome/webfonts/fa-brands-400.woff2]
[demo.bosathemes.com/rockway/wp-content/plugins/elementor/assets/lib/font-awesome/webfonts/fa-brands-400.woff]
[demo.bosathemes.com/rockway/wp-content/plugins/elementor/assets/lib/font-awesome/webfonts/fa-brands-400.ttf]
[demo.bosathemes.com/rockway/wp-content/plugins/elementor/assets/lib/font-awesome/css/brands.min52d5.css]
[demo.bosathemes.com/rockway/xmlrpc0db0.html]
[demo.bosathemes.com/rockway/wp-content/uploads/sites/26/premium-addons-elementor/pa-frontend-2d05e298a.min79d1.css]
[demo.bosathemes.com/rockway/index.html]
[demo.bosathemes.com/rockway/wp-content/plugins/elementor-pro/assets/css/widget-nav-menu.min7c88.css]
[demo.bosathemes.com/rockway/wp-content/uploads/sites/26/premium-addons-elementor/pa-frontend-2d05e298a.min79d1.js]
[demo.bosathemes.com/rockway/wp-content/plugins/elementor/assets/lib/font-awesome/webfonts/fa-brands-400.svg]
[demo.bosathemes.com/rockway/wp-content/plugins/premium-addons-for-elementor/assets/frontend/min-css/premium-addons.min2faf.css]
[demo.bosathemes.com/rockway/wp-content/uploads/sites/26/elementor/css/post-988c91.css]
[demo.bosathemes.com/rockway/wp-json/oembed/1.0/embed4004.json]
[demo.bosathemes.com/rockway/wp-json/oembed/1.0/embed0e4a]
[demo.bosathemes.com/rockway/wp-content/uploads/sites/26/2022/03/rockway-img5.png]
[demo.bosathemes.com/rockway/wp-content/uploads/sites/26/2022/03/rockway-img6.png]
[demo.bosathemes.com/rockway/wp-content/uploads/sites/26/2022/03/rockway-img7.png]
[demo.bosathemes.com/rockway/wp-content/uploads/sites/26/2022/03/rockway-img9.png]
[demo.bosathemes.com/rockway/wp-content/uploads/sites/26/2022/03/rockway-img10.png]
[demo.bosathemes.com/rockway/wp-content/uploads/sites/26/2022/03/rockway-img11.png]
[demo.bosathemes.com/rockway/wp-content/uploads/sites/26/2022/03/rockway-img12.png]
[demo.bosathemes.com/rockway/wp-content/uploads/sites/26/2022/03/rockway-img13.png]
[demo.bosathemes.com/rockway/wp-content/uploads/sites/26/2022/03/rockway-img8.jpg]
[demo.bosathemes.com/rockway/wp-content/uploads/sites/26/2022/03/rockway-img25.jpg]
[demo.bosathemes.com/rockway/wp-content/uploads/sites/26/2022/03/rockway-img26.jpg]
[demo.bosathemes.com/rockway/wp-content/uploads/sites/26/2022/03/rockway-img28.jpg]
[demo.bosathemes.com/rockway/wp-content/uploads/sites/26/2022/03/rockway-img27.jpg]
[demo.bosathemes.com/rockway/wp-content/uploads/sites/26/2022/03/rockway-img14.png]
[demo.bosathemes.com/rockway/wp-content/uploads/sites/26/2022/03/rockway-img15.png]
[demo.bosathemes.com/rockway/wp-content/uploads/sites/26/2022/03/rockway-img1.png]
[demo.bosathemes.com/rockway/wp-content/uploads/sites/26/2022/03/rockway-img16.jpg]
[demo.bosathemes.com/rockway/wp-content/uploads/sites/26/2022/03/rockway-img17.jpg]
[demo.bosathemes.com/rockway/wp-content/uploads/sites/26/2022/03/rockway-img19.jpg]
[demo.bosathemes.com/rockway/wp-content/uploads/sites/26/2022/03/rockway-img18.jpg]
[demo.bosathemes.com/rockway/wp-content/uploads/sites/26/2022/03/rockway-img20.jpg]
[demo.bosathemes.com/rockway/wp-content/plugins/elementor-pro/assets/css/widget-posts.min7c88.css]
[demo.bosathemes.com/rockway/wp-content/uploads/sites/26/2022/03/rockway-img24.jpg]
[demo.bosathemes.com/rockway/wp-content/uploads/sites/26/2022/03/rockway-img23.jpg]
[demo.bosathemes.com/rockway/wp-content/uploads/sites/26/2022/03/rockway-img21.jpg]
[demo.bosathemes.com/rockway/template-kit/home/index.html]
[demo.bosathemes.com/rockway/wp-content/plugins/elementor/assets/lib/animations/animations.min93d8.css]
[demo.bosathemes.com/rockway/2022/03/31/new-song-living-through-the-music/index.html]
[demo.bosathemes.com/rockway/2022/03/30/karaoke-music-festival-night-party/index.html]
[demo.bosathemes.com/rockway/wp-content/uploads/sites/26/elementor/css/post-7652806.css]
[demo.bosathemes.com/rockway/wp-json/oembed/1.0/embedab15.json]
[demo.bosathemes.com/rockway/wp-json/oembed/1.0/embed1f88]
[demo.bosathemes.com/rockway/wp-content/uploads/sites/26/2022/03/rockway-img22.jpg]
[demo.bosathemes.com/rockway/template-kit/about-us/index.html]
[demo.bosathemes.com/rockway/wp-content/uploads/sites/26/elementor/css/post-768edc1.css]
[demo.bosathemes.com/rockway/wp-json/oembed/1.0/embed2cf6.json]
[demo.bosathemes.com/rockway/template-kit/feature-album/index.html]
[demo.bosathemes.com/rockway/wp-json/oembed/1.0/embed8bce]
[demo.bosathemes.com/rockway/wp-content/uploads/sites/26/elementor/css/post-7671a34.css]
[demo.bosathemes.com/rockway/wp-json/oembed/1.0/embed9dda.json]
[demo.bosathemes.com/rockway/wp-json/oembed/1.0/embedb3f9]
[demo.bosathemes.com/rockway/wp-content/uploads/sites/26/2022/04/rockway-img43.jpg]
[demo.bosathemes.com/rockway/wp-content/uploads/sites/26/2022/04/rockway-img44.jpg]
[demo.bosathemes.com/rockway/wp-content/uploads/sites/26/2022/04/rockway-img45.jpg]
[demo.bosathemes.com/rockway/wp-content/uploads/sites/26/2022/04/rockway-img46.jpg]
[demo.bosathemes.com/rockway/template-kit/song-collection/index.html]
[demo.bosathemes.com/rockway/wp-content/uploads/sites/26/elementor/css/post-766b632.css]
[demo.bosathemes.com/rockway/wp-json/oembed/1.0/embed7af4.json]
[demo.bosathemes.com/rockway/wp-json/oembed/1.0/embedbc6a]
[demo.bosathemes.com/rockway/wp-content/uploads/sites/26/2022/04/rockway-img52.jpg]
[demo.bosathemes.com/rockway/wp-content/uploads/sites/26/2022/04/rockway-img48.jpg]
[demo.bosathemes.com/rockway/wp-content/uploads/sites/26/2022/04/rockway-img51.jpg]
[demo.bosathemes.com/rockway/wp-content/uploads/sites/26/2022/04/rockway-img47.jpg]
[demo.bosathemes.com/rockway/wp-content/uploads/sites/26/2022/04/rockway-img49.jpg]
[demo.bosathemes.com/rockway/wp-content/uploads/sites/26/2022/04/rockway-img50.jpg]
[demo.bosathemes.com/rockway/template-kit/our-artist/index.html]
[demo.bosathemes.com/rockway/wp-content/uploads/sites/26/elementor/css/post-7739e55.css]
[demo.bosathemes.com/rockway/wp-json/oembed/1.0/embedc38f.json]
[demo.bosathemes.com/rockway/template-kit/music-videos/index.html]
[demo.bosathemes.com/rockway/wp-json/oembed/1.0/embedb8d6]
[demo.bosathemes.com/rockway/wp-content/uploads/sites/26/elementor/css/post-7719206.css]
[demo.bosathemes.com/rockway/wp-json/oembed/1.0/embed2199.json]
[demo.bosathemes.com/rockway/wp-json/oembed/1.0/embed880f]
[demo.bosathemes.com/rockway/wp-content/uploads/sites/26/2022/04/rockway-img042.png]
[demo.bosathemes.com/rockway/template-kit/event-list/index.html]
[demo.bosathemes.com/rockway/wp-content/uploads/sites/26/elementor/css/post-769aeba.css]
[demo.bosathemes.com/rockway/wp-json/oembed/1.0/embededdc.json]
[demo.bosathemes.com/rockway/wp-json/oembed/1.0/embeda49e]
[demo.bosathemes.com/rockway/template-kit/single-event/index.html]
[demo.bosathemes.com/cdn-cgi/scripts/5c5dd728/cloudflare-static/email-decode.min.js]
[demo.bosathemes.com/rockway/wp-content/uploads/sites/26/elementor/css/post-7728b5e.css]
[demo.bosathemes.com/rockway/wp-json/oembed/1.0/embedcf96.json]
[demo.bosathemes.com/rockway/wp-json/oembed/1.0/embed198d]
[demo.bosathemes.com/rockway/wp-content/plugins/elementor/assets/lib/e-gallery/css/e-gallery.min7359.css]
[demo.bosathemes.com/rockway/template-kit/gallery/index.html]
[demo.bosathemes.com/rockway/wp-content/plugins/elementor/assets/lib/e-gallery/js/e-gallery.min7359.js]
[demo.bosathemes.com/rockway/wp-content/uploads/sites/26/elementor/css/post-775cf1a.css]
[demo.bosathemes.com/rockway/wp-json/oembed/1.0/embed9c04.json]
[demo.bosathemes.com/rockway/wp-json/oembed/1.0/embed2a47]
[demo.bosathemes.com/rockway/wp-content/uploads/sites/26/2022/04/rockway-img36.jpg]
[demo.bosathemes.com/rockway/wp-content/uploads/sites/26/2022/04/rockway-img37.jpg]
[demo.bosathemes.com/rockway/wp-content/uploads/sites/26/2022/04/rockway-img38.jpg]
[demo.bosathemes.com/rockway/wp-content/uploads/sites/26/2022/04/rockway-img39.jpg]
[demo.bosathemes.com/rockway/wp-content/uploads/sites/26/2022/04/rockway-img40.jpg]
[demo.bosathemes.com/rockway/wp-content/uploads/sites/26/2022/04/rockway-img41.jpg]
[demo.bosathemes.com/rockway/template-kit/reviews/index.html]
[demo.bosathemes.com/rockway/wp-content/uploads/sites/26/elementor/css/post-68cf1a.css]
[demo.bosathemes.com/rockway/wp-json/oembed/1.0/embedda08.json]
[demo.bosathemes.com/rockway/wp-json/oembed/1.0/embede95c]
[demo.bosathemes.com/rockway/index419c.html]
[demo.bosathemes.com/rockway/wp-content/plugins/elementor-pro/assets/css/widget-theme-elements.min7c88.css]
[demo.bosathemes.com/rockway/wp-content/uploads/sites/26/elementor/css/post-57ca2d.css]
[demo.bosathemes.com/rockway/wp-json/oembed/1.0/embedbd6f.json]
[demo.bosathemes.com/rockway/index5b17.html]
[demo.bosathemes.com/rockway/wp-json/oembed/1.0/embed15bd]
[demo.bosathemes.com/rockway/wp-content/uploads/sites/26/elementor/css/post-54ee29.css]
[demo.bosathemes.com/rockway/wp-json/oembed/1.0/embed44e9.json]
[demo.bosathemes.com/rockway/index89f6.html]
[demo.bosathemes.com/rockway/wp-json/oembed/1.0/embed8f49]
[demo.bosathemes.com/rockway/product/album-c-d/index.html]
[demo.bosathemes.com/rockway/product/band-cap/index.html]
[demo.bosathemes.com/rockway/wp-content/uploads/sites/26/elementor/css/post-774ee29.css]
[demo.bosathemes.com/rockway/product/headphone/index.html]
[demo.bosathemes.com/rockway/product/band-t-shirt/index.html]
[demo.bosathemes.com/rockway/product/song-album/index.html]
[demo.bosathemes.com/rockway/single-page/index.html]
[demo.bosathemes.com/rockway/wp-json/oembed/1.0/embed8cbc.json]
[demo.bosathemes.com/rockway/wp-json/oembed/1.0/embedd5c7]
[demo.bosathemes.com/rockway/template-kit/coming-soon/index.html]
[demo.bosathemes.com/rockway/wp-content/plugins/elementor/assets/css/widget-icon-list.min.css]
[demo.bosathemes.com/rockway/wp-content/uploads/sites/26/elementor/css/post-5294ec.css]
[demo.bosathemes.com/rockway/wp-json/oembed/1.0/embeddbba.json]
[demo.bosathemes.com/rockway/wp-json/oembed/1.0/embed7ac7]
[demo.bosathemes.com/rockway/wp-content/uploads/sites/26/2022/03/rockway-img22-300x200.jpg]
[demo.bosathemes.com/rockway/2022/03/30/enjoying-the-live-concert-shows/index.html]
[demo.bosathemes.com/rockway/wp-content/uploads/sites/26/2022/03/rockway-img21-300x200.jpg]
[demo.bosathemes.com/rockway/wp-content/uploads/sites/26/2022/03/rockway-img23-300x200.jpg]
[demo.bosathemes.com/rockway/wp-content/uploads/sites/26/2022/03/rockway-img24-300x200.jpg]
[demo.bosathemes.com/rockway/indexfd1d.html]
[demo.bosathemes.com/rockway/wp-includes/css/dist/block-library/style.minadc6.css]
[demo.bosathemes.com/rockway/wp-content/uploads/sites/26/elementor/css/post-620fad.css]
[demo.bosathemes.com/rockway/wp-json/wp/v2/posts/465.json]
[demo.bosathemes.com/rockway/wp-json/oembed/1.0/embed4b7d.json]
[demo.bosathemes.com/rockway/wp-json/oembed/1.0/embeda7a2]
[demo.bosathemes.com/rockway/wp-content/uploads/sites/26/2022/03/rockway-img23-1024x683.jpg]
[demo.bosathemes.com/rockway/wp-content/plugins/elementor-pro/assets/css/widget-share-buttons.min7c88.css]
[demo.bosathemes.com/rockway/wp-content/plugins/elementor/assets/lib/font-awesome/css/regular.min52d5.css]
[demo.bosathemes.com/rockway/2022/03/30/greenland-live-street-festival-2022/index.html]
[demo.bosathemes.com/rockway/2022/03/30/index.html]
[demo.bosathemes.com/rockway/tag/band/index.html]
[demo.bosathemes.com/rockway/author/demoteam/index.html]
[demo.bosathemes.com/rockway/tag/entertainment/index.html]
[demo.bosathemes.com/rockway/wp-content/uploads/sites/26/elementor/css/post-643405.css]
[demo.bosathemes.com/rockway/tag/festival/index.html]
[demo.bosathemes.com/rockway/shop/feed/index.html]
[demo.bosathemes.com/rockway/tag/music/index.html]
[demo.bosathemes.com/rockway/wp-content/uploads/sites/26/2022/04/rockway-img32-300x300.jpg]
[demo.bosathemes.com/rockway/wp-content/uploads/sites/26/2022/04/rockway-img34-300x300.jpg]
[demo.bosathemes.com/rockway/wp-content/uploads/sites/26/2022/04/rockway-img33-300x300.jpg]
[demo.bosathemes.com/rockway/shop/index10c8.html]
[demo.bosathemes.com/rockway/wp-content/uploads/sites/26/2022/04/rockway-img35-300x300.jpg]
[demo.bosathemes.com/rockway/wp-content/uploads/sites/26/2022/04/rockway-img31-300x300.jpg]
[demo.bosathemes.com/rockway/shop/index489a.html]
[demo.bosathemes.com/rockway/shop/indexce40.html]
[demo.bosathemes.com/rockway/wp-content/uploads/sites/26/2022/04/rockway-img30-300x300.jpg]
[demo.bosathemes.com/rockway/shop/indexaa50.html]
[demo.bosathemes.com/rockway/shop/page/2/index.html]
[demo.bosathemes.com/rockway/wp-content/uploads/sites/26/2022/04/rockway-img35.jpg]
[demo.bosathemes.com/rockway/product-category/clothes/index.html]
[demo.bosathemes.com/rockway/product-category/accessories/index.html]
[demo.bosathemes.com/rockway/wp-content/uploads/sites/26/2022/04/rockway-img34.jpg]
[demo.bosathemes.com/rockway/wp-content/uploads/sites/26/2022/04/rockway-img33.jpg]
[demo.bosathemes.com/rockway/wp-content/uploads/sites/26/2022/04/rockway-img32.jpg]
[demo.bosathemes.com/rockway/wp-content/uploads/sites/26/2022/04/rockway-img31.jpg]
[demo.bosathemes.com/rockway/wp-content/uploads/sites/26/2022/04/rockway-img30.jpg]
[demo.bosathemes.com/rockway/shop/index.html]
[demo.bosathemes.com/rockway/wp-content/plugins/woocommerce/assets/css/photoswipe/photoswipe.min457f.css]
[demo.bosathemes.com/rockway/wp-content/plugins/woocommerce/assets/css/photoswipe/default-skin/default-skin.min457f.css]
[demo.bosathemes.com/rockway/wp-content/uploads/sites/26/elementor/css/post-66c063.css]
[demo.bosathemes.com/rockway/wp-content/plugins/woocommerce/assets/js/zoom/jquery.zoom.minf886.js]
[demo.bosathemes.com/rockway/wp-content/plugins/woocommerce/assets/js/flexslider/jquery.flexslider.min6aa9.js]
[demo.bosathemes.com/rockway/wp-content/plugins/woocommerce/assets/js/photoswipe/photoswipe.min2b35.js]
[demo.bosathemes.com/rockway/wp-content/plugins/woocommerce/assets/js/photoswipe/photoswipe-ui-default.min2b35.js]
[demo.bosathemes.com/rockway/wp-content/plugins/woocommerce/assets/js/frontend/single-product.min457f.js]
[demo.bosathemes.com/rockway/wp-json/wp/v2/product/738.json]
[demo.bosathemes.com/rockway/wp-json/oembed/1.0/embed9a4d.json]
[demo.bosathemes.com/rockway/product/band-sweat-shirt/index.html]
[demo.bosathemes.com/rockway/wp-json/oembed/1.0/embedd52f]
[demo.bosathemes.com/rockway/product-tag/sponser/index.html]
[demo.bosathemes.com/rockway/product-tag/clothes/index.html]
[demo.bosathemes.com/rockway/product-tag/music-band/index.html]
[demo.bosathemes.com/rockway/product/band-sweat-shirt/indexaa50.html]
[demo.bosathemes.com/rockway/wp-content/uploads/sites/26/elementor/css/post-770c063.css]
[demo.bosathemes.com/rockway/product/band-sweat-shirt/index240e.html]
[demo.bosathemes.com/rockway/wp-json/oembed/1.0/embedbcdb.json]
[demo.bosathemes.com/rockway/wp-json/oembed/1.0/embed08d8]
[demo.bosathemes.com/rockway/template-kit/contact/index.html]
[demo.bosathemes.com/rockway/wp-content/plugins/elementor-pro/assets/css/widget-woocommerce.min7c88.css]
[demo.bosathemes.com/rockway/wp-content/plugins/elementor/assets/css/widget-icon-box.min.css]
[demo.bosathemes.com/rockway/wp-content/plugins/woocommerce/assets/css/select2457f.css]
[demo.bosathemes.com/rockway/wp-content/uploads/sites/26/elementor/css/post-74af2.css]
[demo.bosathemes.com/rockway/wp-content/plugins/woocommerce/assets/js/frontend/country-select.min457f.js]
[demo.bosathemes.com/rockway/wp-content/plugins/woocommerce/assets/js/frontend/address-i18n.min457f.js]
[demo.bosathemes.com/rockway/wp-content/plugins/woocommerce/assets/js/frontend/cart.min457f.js]
[demo.bosathemes.com/rockway/wp-content/plugins/woocommerce/assets/js/selectWoo/selectWoo.full.min6368.js]
[demo.bosathemes.com/rockway/wp-json/wp/v2/pages/7.json]
[demo.bosathemes.com/rockway/wp-json/oembed/1.0/embedf8ae.json]
[demo.bosathemes.com/rockway/cart/index.html]
[demo.bosathemes.com/rockway/checkout/index.html]
[demo.bosathemes.com/rockway/wp-json/oembed/1.0/embede84e]
[demo.bosathemes.com/rockway/wp-content/uploads/sites/26/elementor/css/post-95eb2.css]
[demo.bosathemes.com/rockway/wp-content/plugins/woocommerce/assets/js/frontend/account-i18n.min457f.js]
[demo.bosathemes.com/rockway/wp-json/wp/v2/pages/9.json]
[demo.bosathemes.com/rockway/wp-json/oembed/1.0/embedc5ad.json]
[demo.bosathemes.com/rockway/my-account/index.html]
[demo.bosathemes.com/rockway/wp-content/plugins/woocommerce/assets/client/blocks/wc-blocksffe6.css]
[demo.bosathemes.com/rockway/wp-content/uploads/sites/26/elementor/css/post-106594ec.css]
[demo.bosathemes.com/rockway/wp-json/oembed/1.0/embed411e]
[demo.bosathemes.com/rockway/wp-content/plugins/premium-addons-for-elementor/assets/frontend/images/prettyPhoto/default/sprite.png]
[demo.bosathemes.com/rockway/my-account/lost-password/index.html]
[demo.bosathemes.com/rockway/wp-content/plugins/premium-addons-for-elementor/assets/frontend/images/prettyPhoto/default/sprite_x.png]
[demo.bosathemes.com/rockway/wp-content/plugins/premium-addons-for-elementor/assets/frontend/images/prettyPhoto/default/sprite_y.png]
[demo.bosathemes.com/rockway/wp-content/plugins/premium-addons-for-elementor/assets/frontend/images/prettyPhoto/default/sprite_next.png]
[demo.bosathemes.com/rockway/wp-content/plugins/premium-addons-for-elementor/assets/frontend/images/prettyPhoto/default/sprite_prev.png]
[demo.bosathemes.com/rockway/wp-content/plugins/premium-addons-for-elementor/assets/frontend/images/prettyPhoto/default/default_thumb.png]
[demo.bosathemes.com/rockway/wp-content/plugins/premium-addons-for-elementor/assets/frontend/images/prettyPhoto/default/loader.gif]
[demo.bosathemes.com/rockway/wp-content/plugins/premium-addons-for-elementor/assets/frontend/images/prettyPhoto/light_rounded/sprite.png]
[demo.bosathemes.com/rockway/wp-content/plugins/premium-addons-for-elementor/assets/frontend/images/prettyPhoto/light_rounded/btnNext.png]
[demo.bosathemes.com/rockway/wp-content/plugins/premium-addons-for-elementor/assets/frontend/images/prettyPhoto/light_rounded/btnPrevious.png]
[demo.bosathemes.com/rockway/wp-content/plugins/premium-addons-for-elementor/assets/frontend/images/prettyPhoto/dark_rounded/sprite.png]
[demo.bosathemes.com/rockway/wp-content/plugins/premium-addons-for-elementor/assets/frontend/images/prettyPhoto/dark_rounded/contentPattern.png]
[demo.bosathemes.com/rockway/wp-content/plugins/premium-addons-for-elementor/assets/frontend/images/prettyPhoto/dark_rounded/btnNext.png]
[demo.bosathemes.com/rockway/wp-content/plugins/premium-addons-for-elementor/assets/frontend/images/prettyPhoto/dark_rounded/btnPrevious.png]
[demo.bosathemes.com/rockway/wp-content/plugins/premium-addons-for-elementor/assets/frontend/images/prettyPhoto/dark_rounded/loader.gif]
[demo.bosathemes.com/rockway/wp-content/plugins/premium-addons-for-elementor/assets/frontend/images/prettyPhoto/dark_square/loader.gif]
[demo.bosathemes.com/rockway/wp-content/plugins/premium-addons-for-elementor/assets/frontend/images/prettyPhoto/dark_square/sprite.png]
[demo.bosathemes.com/rockway/wp-content/plugins/premium-addons-for-elementor/assets/frontend/images/prettyPhoto/dark_square/btnNext.png]
[demo.bosathemes.com/rockway/wp-content/plugins/premium-addons-for-elementor/assets/frontend/images/prettyPhoto/dark_square/btnPrevious.png]
[demo.bosathemes.com/rockway/wp-content/plugins/premium-addons-for-elementor/assets/frontend/images/prettyPhoto/light_square/sprite.png]
[demo.bosathemes.com/rockway/wp-content/plugins/premium-addons-for-elementor/assets/frontend/images/prettyPhoto/light_square/btnNext.png]
[demo.bosathemes.com/rockway/wp-content/plugins/premium-addons-for-elementor/assets/frontend/images/prettyPhoto/light_square/btnPrevious.png]
[demo.bosathemes.com/rockway/wp-content/plugins/premium-addons-for-elementor/assets/frontend/images/prettyPhoto/facebook/sprite.png]
[demo.bosathemes.com/rockway/wp-content/plugins/premium-addons-for-elementor/assets/frontend/images/prettyPhoto/facebook/contentPatternTop.png]
[demo.bosathemes.com/rockway/wp-content/plugins/premium-addons-for-elementor/assets/frontend/images/prettyPhoto/facebook/contentPatternLeft.png]
[demo.bosathemes.com/rockway/wp-content/plugins/premium-addons-for-elementor/assets/frontend/images/prettyPhoto/facebook/contentPatternRight.png]
[demo.bosathemes.com/rockway/wp-content/plugins/premium-addons-for-elementor/assets/frontend/images/prettyPhoto/facebook/loader.gif]
[demo.bosathemes.com/rockway/wp-content/plugins/premium-addons-for-elementor/assets/frontend/images/prettyPhoto/facebook/btnNext.png]
[demo.bosathemes.com/rockway/wp-content/plugins/premium-addons-for-elementor/assets/frontend/images/prettyPhoto/facebook/btnPrevious.png]
[demo.bosathemes.com/rockway/wp-content/plugins/premium-addons-for-elementor/assets/frontend/images/prettyPhoto/facebook/contentPatternBottom.png]
[demo.bosathemes.com/rockway/wp-content/plugins/premium-addons-for-elementor/assets/frontend/images/prettyPhoto/facebook/default_thumbnail.gif]
[demo.bosathemes.com/rockway/wp-content/plugins/premium-addons-for-elementor/assets/frontend/images/prettyPhoto/light_rounded/loader.gif]
[demo.bosathemes.com/rockway/wp-content/plugins/premium-addons-for-elementor/assets/frontend/min-css/prettyphoto.min2faf.css]
[demo.bosathemes.com/rockway/wp-content/plugins/woocommerce/assets/images/icons/loader.svg]
[demo.bosathemes.com/rockway/wp-content/plugins/woocommerce/assets/images/icons/credit-cards/visa.svg]
[demo.bosathemes.com/rockway/wp-content/plugins/woocommerce/assets/images/icons/credit-cards/mastercard.svg]
[demo.bosathemes.com/rockway/wp-content/plugins/woocommerce/assets/images/icons/credit-cards/laser.svg]
[demo.bosathemes.com/rockway/wp-content/plugins/woocommerce/assets/images/icons/credit-cards/diners.svg]
[demo.bosathemes.com/rockway/wp-content/plugins/woocommerce/assets/images/icons/credit-cards/maestro.svg]
[demo.bosathemes.com/rockway/wp-content/plugins/woocommerce/assets/images/icons/credit-cards/jcb.svg]
[demo.bosathemes.com/rockway/wp-content/plugins/woocommerce/assets/images/icons/credit-cards/amex.svg]
[demo.bosathemes.com/rockway/wp-content/plugins/woocommerce/assets/images/icons/credit-cards/discover.svg]
[demo.bosathemes.com/rockway/wp-content/plugins/elementor/assets/lib/eicons/fonts/eiconsc63f.svg]
[demo.bosathemes.com/rockway/wp-content/plugins/elementskit-lite/widgets/init/assets/img/cross-out.svg]
[demo.bosathemes.com/rockway/wp-content/plugins/elementor/assets/lib/font-awesome/webfonts/fa-solid-900.svg]
[demo.bosathemes.com/rockway/wp-content/plugins/elementor/assets/lib/font-awesome/webfonts/fa-brands-400.svg]
[demo.bosathemes.com/rockway/wp-content/uploads/sites/26/premium-addons-elementor/pa-frontend-2d05e298a.min79d1.css]
[demo.bosathemes.com/rockway/wp-content/plugins/premium-addons-for-elementor/assets/editor/fonts/pa-elements157d.eot]
[demo.bosathemes.com/rockway/wp-content/plugins/premium-addons-for-elementor/assets/editor/fonts/pa-elements157d.ttf]
[demo.bosathemes.com/rockway/wp-content/plugins/premium-addons-for-elementor/assets/editor/fonts/pa-elements157d.woff]
[demo.bosathemes.com/rockway/wp-content/plugins/premium-addons-for-elementor/assets/editor/fonts/pa-elements157d.svg]
[raw.githubusercontent.com/WebDevSimplified/css-challenges/master/Animated Text Reveal/reveal_background.jpg]
[demo.bosathemes.com/rockway/wp-content/plugins/premium-addons-for-elementor/assets/frontend/min-css/premium-addons.min2faf.css]
[demo.bosathemes.com/rockway/wp-content/uploads/sites/26/2022/03/rockway-img3.jpg]
[demo.bosathemes.com/rockway/wp-content/uploads/sites/26/2022/03/rockway-img4.png]
[demo.bosathemes.com/rockway/wp-content/uploads/sites/26/2022/03/rockway-img29.jpg]
[demo.bosathemes.com/rockway/wp-content/uploads/sites/26/2022/03/rockway-img29.png]
[demo.bosathemes.com/rockway/wp-content/uploads/sites/26/elementor/css/post-988c91.css]
[demo.bosathemes.com/rockway/indexb6ad.html]
[demo.bosathemes.com/rockway/wp-content/plugins/elementor-pro/assets/css/widget-posts.min7c88.css]
[demo.bosathemes.com/rockway/wp-json/wp/v2/posts/578.json]
[demo.bosathemes.com/rockway/wp-json/oembed/1.0/embed9eff.json]
[demo.bosathemes.com/rockway/wp-json/oembed/1.0/embed030e]
[demo.bosathemes.com/rockway/wp-content/uploads/sites/26/2022/03/rockway-img24-1024x683.jpg]
[demo.bosathemes.com/rockway/2022/03/31/new-song-living-through-the-music/index.html]
[demo.bosathemes.com/rockway/2022/03/31/index.html]
[demo.bosathemes.com/rockway/wp-json/wp/v2/posts/464.json]
[demo.bosathemes.com/rockway/wp-json/oembed/1.0/embeda3e8.json]
[demo.bosathemes.com/rockway/wp-json/oembed/1.0/embed621a]
[demo.bosathemes.com/rockway/wp-content/uploads/sites/26/2022/03/rockway-img21-1024x683.jpg]
[demo.bosathemes.com/rockway/2022/03/30/karaoke-music-festival-night-party/index.html]
[demo.bosathemes.com/rockway/wp-content/plugins/elementor/assets/lib/animations/animations.min93d8.css]
[demo.bosathemes.com/rockway/wp-content/uploads/sites/26/elementor/css/post-7652806.css]
[demo.bosathemes.com/rockway/index6215.html]
[demo.bosathemes.com/rockway/wp-content/uploads/sites/26/elementor/css/post-768edc1.css]
[demo.bosathemes.com/rockway/indexb916.html]
[demo.bosathemes.com/rockway/wp-content/uploads/sites/26/elementor/css/post-7671a34.css]
[demo.bosathemes.com/rockway/indexf66f.html]
[demo.bosathemes.com/rockway/wp-content/uploads/sites/26/elementor/css/post-766b632.css]
[demo.bosathemes.com/rockway/index5192.html]
[demo.bosathemes.com/rockway/wp-content/uploads/sites/26/elementor/css/post-7739e55.css]
[demo.bosathemes.com/rockway/indexb648.html]
[demo.bosathemes.com/rockway/wp-content/uploads/sites/26/elementor/css/post-7719206.css]
[demo.bosathemes.com/rockway/index7d87.html]
[demo.bosathemes.com/rockway/wp-content/uploads/sites/26/elementor/css/post-769aeba.css]
[demo.bosathemes.com/rockway/index5dce.html]
[demo.bosathemes.com/rockway/wp-content/uploads/sites/26/elementor/css/post-7728b5e.css]
[demo.bosathemes.com/rockway/index3116.html]
[demo.bosathemes.com/rockway/wp-content/plugins/elementor/assets/lib/e-gallery/css/e-gallery.min7359.css]
[demo.bosathemes.com/rockway/wp-content/uploads/sites/26/elementor/css/post-775cf1a.css]
[demo.bosathemes.com/rockway/index6289.html]
[demo.bosathemes.com/rockway/wp-content/uploads/sites/26/elementor/css/post-68cf1a.css]
[demo.bosathemes.com/rockway/index7ef4.html]
[demo.bosathemes.com/rockway/wp-content/plugins/elementor-pro/assets/css/widget-theme-elements.min7c88.css]
[demo.bosathemes.com/rockway/wp-content/uploads/sites/26/elementor/css/post-57ca2d.css]
[demo.bosathemes.com/rockway/index9787.html]
[demo.bosathemes.com/rockway/wp-content/uploads/sites/26/elementor/css/post-54ee29.css]
[demo.bosathemes.com/rockway/indexcc0f.html]
[demo.bosathemes.com/rockway/wp-json/wp/v2/product/739.json]
[demo.bosathemes.com/rockway/wp-json/oembed/1.0/embed5638.json]
[demo.bosathemes.com/rockway/product/album-c-d/index.html]
[demo.bosathemes.com/rockway/wp-json/oembed/1.0/embedd7af]
[demo.bosathemes.com/rockway/product-tag/songs/index.html]
[demo.bosathemes.com/rockway/product-tag/entertainment/index.html]
[demo.bosathemes.com/rockway/wp-json/wp/v2/product/740.json]
[demo.bosathemes.com/rockway/product/album-c-d/index489a.html]
[demo.bosathemes.com/rockway/product/album-c-d/indexf9ad.html]
[demo.bosathemes.com/rockway/wp-json/oembed/1.0/embed0399.json]
[demo.bosathemes.com/rockway/product/band-cap/index.html]
[demo.bosathemes.com/rockway/wp-json/oembed/1.0/embed4657]
[demo.bosathemes.com/rockway/wp-json/wp/v2/product/741.json]
[demo.bosathemes.com/rockway/product/band-cap/indexaa50.html]
[demo.bosathemes.com/rockway/product/band-cap/index240e.html]
[demo.bosathemes.com/rockway/wp-json/oembed/1.0/embed77c8.json]
[demo.bosathemes.com/rockway/product/band-t-shirt/index.html]
[demo.bosathemes.com/rockway/wp-json/oembed/1.0/embed4b42]
[demo.bosathemes.com/rockway/wp-json/wp/v2/product/742.json]
[demo.bosathemes.com/rockway/product/band-t-shirt/index10c8.html]
[demo.bosathemes.com/rockway/product/band-t-shirt/index489a.html]
[demo.bosathemes.com/rockway/wp-json/oembed/1.0/embed83a6.json]
[demo.bosathemes.com/rockway/product/headphone/index.html]
[demo.bosathemes.com/rockway/wp-json/oembed/1.0/embed8a6c]
[demo.bosathemes.com/rockway/wp-json/wp/v2/product/743.json]
[demo.bosathemes.com/rockway/product/headphone/index10c8.html]
[demo.bosathemes.com/rockway/product/headphone/indexf9ad.html]
[demo.bosathemes.com/rockway/wp-json/oembed/1.0/embed5855.json]
[demo.bosathemes.com/rockway/product/song-album/index.html]
[demo.bosathemes.com/rockway/wp-json/oembed/1.0/embed3eb3]
[demo.bosathemes.com/rockway/wp-json/wp/v2/pages/710.json]
[demo.bosathemes.com/rockway/product/song-album/index10c8.html]
[demo.bosathemes.com/rockway/product/song-album/indexaa50.html]
[demo.bosathemes.com/rockway/wp-json/oembed/1.0/embed7873.json]
[demo.bosathemes.com/rockway/single-page/index.html]
[demo.bosathemes.com/rockway/page/2/index89f6.html]
[demo.bosathemes.com/rockway/wp-content/uploads/sites/26/elementor/css/post-774ee29.css]
[demo.bosathemes.com/rockway/indexa8d4.html]
[demo.bosathemes.com/rockway/wp-content/plugins/elementor/assets/css/widget-icon-list.min.css]
[demo.bosathemes.com/rockway/wp-content/uploads/sites/26/elementor/css/post-5294ec.css]
[demo.bosathemes.com/rockway/index4579.html]
[demo.bosathemes.com/rockway/wp-json/oembed/1.0/embed6a81]
[demo.bosathemes.com/rockway/wp-json/wp/v2/posts/463.json]
[demo.bosathemes.com/rockway/wp-json/oembed/1.0/embed24bd.json]
[demo.bosathemes.com/rockway/wp-json/oembed/1.0/embed8741]
[demo.bosathemes.com/rockway/wp-content/uploads/sites/26/2022/03/rockway-img22-1024x683.jpg]
[demo.bosathemes.com/rockway/2022/03/30/enjoying-the-live-concert-shows/index.html]
[demo.bosathemes.com/rockway/wp-includes/css/dist/block-library/style.minadc6.css]
[demo.bosathemes.com/rockway/wp-content/uploads/sites/26/elementor/css/post-620fad.css]
[demo.bosathemes.com/rockway/index6b92.html]
[demo.bosathemes.com/rockway/author/demoteam/feed/index.html]
[demo.bosathemes.com/rockway/author/demoteam/index.html]
[demo.bosathemes.com/rockway/2022/03/30/index.html]
[demo.bosathemes.com/rockway/wp-json/wp/v2/users/1.json]
[demo.bosathemes.com/rockway/tag/band/index.html]
[demo.bosathemes.com/rockway/wp-json/wp/v2/tags/32.json]
[demo.bosathemes.com/rockway/tag/band/feed/index.html]
[demo.bosathemes.com/rockway/tag/entertainment/index.html]
[demo.bosathemes.com/rockway/wp-json/wp/v2/tags/30.json]
[demo.bosathemes.com/rockway/tag/entertainment/feed/index.html]
[demo.bosathemes.com/rockway/tag/festival/index.html]
[demo.bosathemes.com/rockway/wp-json/wp/v2/tags/33.json]
[demo.bosathemes.com/rockway/tag/festival/feed/index.html]
[demo.bosathemes.com/rockway/tag/music/index.html]
[demo.bosathemes.com/rockway/wp-content/plugins/elementor-pro/assets/css/widget-share-buttons.min7c88.css]
[demo.bosathemes.com/rockway/wp-json/wp/v2/tags/31.json]
[demo.bosathemes.com/rockway/tag/music/feed/index.html]
[demo.bosathemes.com/rockway/wp-content/plugins/elementor/assets/lib/font-awesome/webfonts/fa-regular-400.eot]
[demo.bosathemes.com/rockway/wp-content/plugins/elementor/assets/lib/font-awesome/webfonts/fa-regular-400d41d.eot]
[demo.bosathemes.com/rockway/wp-content/plugins/elementor/assets/lib/font-awesome/webfonts/fa-regular-400.woff2]
[demo.bosathemes.com/rockway/wp-content/plugins/elementor/assets/lib/font-awesome/webfonts/fa-regular-400.woff]
[demo.bosathemes.com/rockway/wp-content/plugins/elementor/assets/lib/font-awesome/webfonts/fa-regular-400.ttf]
[demo.bosathemes.com/rockway/wp-content/plugins/elementor/assets/lib/font-awesome/css/regular.min52d5.css]
[demo.bosathemes.com/rockway/wp-content/uploads/sites/26/elementor/css/post-643405.css]
[demo.bosathemes.com/rockway/shop/index10c8.html]
[demo.bosathemes.com/rockway/shop/index489a.html]
[demo.bosathemes.com/rockway/shop/indexce40.html]
[demo.bosathemes.com/rockway/shop/indexaa50.html]
[demo.bosathemes.com/rockway/shop/page/2/index.html]
[demo.bosathemes.com/rockway/wp-content/plugins/elementor/assets/lib/font-awesome/webfonts/fa-regular-400.svg]
[demo.bosathemes.com/rockway/shop/page/2/indexf9ad.html]
[demo.bosathemes.com/rockway/shop/page/2/index240e.html]
[demo.bosathemes.com/rockway/product-category/clothes/index.html]
[demo.bosathemes.com/rockway/wp-json/wp/v2/product_cat/34.json]
[demo.bosathemes.com/rockway/product-category/clothes/feed/index.html]
[demo.bosathemes.com/rockway/product-category/clothes/index489a.html]
[demo.bosathemes.com/rockway/wp-json/wp/v2/product_cat/35.json]
[demo.bosathemes.com/rockway/product-category/accessories/index.html]
[demo.bosathemes.com/rockway/product-category/clothes/indexce40.html]
[demo.bosathemes.com/rockway/product-category/accessories/feed/index.html]
[demo.bosathemes.com/rockway/product-category/clothes/indexaa50.html]
[demo.bosathemes.com/rockway/product-category/accessories/index10c8.html]
[demo.bosathemes.com/rockway/wp-content/plugins/woocommerce/assets/css/photoswipe/default-skin/default-skin.png]
[demo.bosathemes.com/rockway/wp-content/plugins/woocommerce/assets/css/photoswipe/photoswipe.min457f.css]
[demo.bosathemes.com/rockway/product-category/accessories/index240e.html]
[demo.bosathemes.com/rockway/wp-content/plugins/woocommerce/assets/css/photoswipe/default-skin/default-skin.svg]
[demo.bosathemes.com/rockway/product-category/accessories/indexf9ad.html]
[demo.bosathemes.com/rockway/wp-content/plugins/woocommerce/assets/css/photoswipe/default-skin/preloader.gif]
[demo.bosathemes.com/rockway/wp-content/plugins/woocommerce/assets/css/photoswipe/default-skin/default-skin.min457f.css]
[demo.bosathemes.com/rockway/wp-content/uploads/sites/26/elementor/css/post-66c063.css]
[demo.bosathemes.com/rockway/index9c73.html]
[demo.bosathemes.com/rockway/product-tag/clothes/index.html]
[demo.bosathemes.com/rockway/wp-json/wp/v2/product_tag/36.json]
[demo.bosathemes.com/rockway/product-tag/clothes/feed/index.html]
[demo.bosathemes.com/rockway/product-tag/clothes/indexce40.html]
[demo.bosathemes.com/rockway/product-tag/clothes/index489a.html]
[demo.bosathemes.com/rockway/product-tag/clothes/indexaa50.html]
[demo.bosathemes.com/rockway/product-tag/music-band/index.html]
[demo.bosathemes.com/rockway/wp-json/wp/v2/product_tag/37.json]
[demo.bosathemes.com/rockway/product-tag/music-band/feed/index.html]
[demo.bosathemes.com/rockway/product-tag/music-band/index10c8.html]
[demo.bosathemes.com/rockway/product-tag/music-band/index489a.html]
[demo.bosathemes.com/rockway/product-tag/music-band/indexce40.html]
[demo.bosathemes.com/rockway/wp-json/wp/v2/product_tag/38.json]
[demo.bosathemes.com/rockway/product-tag/sponser/index.html]
[demo.bosathemes.com/rockway/product-tag/music-band/indexaa50.html]
[demo.bosathemes.com/rockway/product-tag/sponser/feed/index.html]
[demo.bosathemes.com/rockway/product/band-sweat-shirt/indexaa50.html]
[demo.bosathemes.com/rockway/product-tag/music-band/page/2/index.html]
[demo.bosathemes.com/rockway/product-tag/sponser/indexaa50.html]
[demo.bosathemes.com/rockway/product-tag/sponser/index489a.html]
[demo.bosathemes.com/rockway/product/band-sweat-shirt/index240e.html]
[demo.bosathemes.com/rockway/product-tag/sponser/indexce40.html]
[demo.bosathemes.com/rockway/wp-content/uploads/sites/26/elementor/css/post-770c063.css]
[demo.bosathemes.com/rockway/index64ca.html]
[demo.bosathemes.com/rockway/wp-content/plugins/elementor/assets/css/widget-icon-box.min.css]
[demo.bosathemes.com/rockway/wp-content/plugins/woocommerce/assets/css/select2457f.css]
[demo.bosathemes.com/rockway/wp-content/uploads/sites/26/elementor/css/post-74af2.css]
[demo.bosathemes.com/rockway/indexc4f7.html]
[demo.bosathemes.com/rockway/wp-content/uploads/sites/26/elementor/css/post-95eb2.css]
[demo.bosathemes.com/rockway/indexb5fb.html]
[demo.bosathemes.com/rockway/product/band-sweat-shirt/index10c8.html]
[demo.bosathemes.com/rockway/wp-includes/js/zxcvbn-async.min5152.js]
[demo.bosathemes.com/rockway/product/band-sweat-shirt/index489a.html]
[demo.bosathemes.com/rockway/product/band-sweat-shirt/indexf9ad.html]
[demo.bosathemes.com/rockway/wp-admin/js/password-strength-meter.minadc6.js]
[demo.bosathemes.com/rockway/wp-content/plugins/woocommerce/assets/js/frontend/password-strength-meter.min457f.js]
[demo.bosathemes.com/rockway/my-account/lost-password/index.html]
[demo.bosathemes.com/rockway/wp-content/plugins/premium-addons-for-elementor/assets/editor/fonts/pa-elements157d.svg]
[demo.bosathemes.com/rockway/indexa722.html]
[demo.bosathemes.com/rockway/2022/03/31/index.html]
[demo.bosathemes.com/rockway/indexa260.html]
[demo.bosathemes.com/rockway/index5e3b.html]
[demo.bosathemes.com/rockway/wp-content/plugins/woocommerce/assets/js/frontend/lost-password.min457f.js]
[demo.bosathemes.com/rockway/product-tag/entertainment/index.html]
[demo.bosathemes.com/rockway/wp-json/wp/v2/product_tag/40.json]
[demo.bosathemes.com/rockway/product-tag/entertainment/feed/index.html]
[demo.bosathemes.com/rockway/product-tag/entertainment/index10c8.html]
[demo.bosathemes.com/rockway/product-tag/entertainment/index240e.html]
[demo.bosathemes.com/rockway/product-tag/songs/index.html]
[demo.bosathemes.com/rockway/wp-json/wp/v2/product_tag/39.json]
[demo.bosathemes.com/rockway/product/album-c-d/index489a.html]
[demo.bosathemes.com/rockway/product-tag/songs/feed/index.html]
[demo.bosathemes.com/rockway/product-tag/entertainment/indexf9ad.html]
[demo.bosathemes.com/rockway/product/album-c-d/indexf9ad.html]
[demo.bosathemes.com/rockway/product-tag/songs/index240e.html]
[demo.bosathemes.com/rockway/product-tag/songs/index10c8.html]
[demo.bosathemes.com/rockway/index8da8.html]
[demo.bosathemes.com/rockway/product/band-cap/indexaa50.html]
[demo.bosathemes.com/rockway/product-tag/songs/indexf9ad.html]
[demo.bosathemes.com/rockway/product/band-cap/index240e.html]
[demo.bosathemes.com/rockway/product/album-c-d/indexce40.html]
[demo.bosathemes.com/rockway/index00c2.html]
[demo.bosathemes.com/rockway/product/band-t-shirt/index10c8.html]
[demo.bosathemes.com/rockway/product/album-c-d/indexaa50.html]
[demo.bosathemes.com/rockway/product/band-cap/index10c8.html]
[demo.bosathemes.com/rockway/product/band-t-shirt/index489a.html]
[demo.bosathemes.com/rockway/indexe0d2.html]
[demo.bosathemes.com/rockway/product/headphone/index10c8.html]
[demo.bosathemes.com/rockway/product/band-cap/indexf9ad.html]
[demo.bosathemes.com/rockway/product/headphone/indexf9ad.html]
[demo.bosathemes.com/rockway/index2812.html]
[demo.bosathemes.com/rockway/product/song-album/index10c8.html]
[demo.bosathemes.com/rockway/product/band-t-shirt/index240e.html]
[demo.bosathemes.com/rockway/product/song-album/indexaa50.html]
[demo.bosathemes.com/rockway/product/headphone/indexce40.html]
[demo.bosathemes.com/rockway/product/headphone/indexaa50.html]
[demo.bosathemes.com/rockway/index37c3.html]
[demo.bosathemes.com/rockway/indexbbbc.html]
[demo.bosathemes.com/rockway/wp-content/plugins/elementor/assets/lib/font-awesome/webfonts/fa-regular-400.svg]
[demo.bosathemes.com/rockway/shop/page/2/index240e.html]
[demo.bosathemes.com/rockway/shop/page/2/indexf9ad.html]
[demo.bosathemes.com/rockway/shop/page/1/index.html]
[demo.bosathemes.com/rockway/product-category/clothes/index489a.html]
[demo.bosathemes.com/rockway/product-category/clothes/indexce40.html]
[demo.bosathemes.com/rockway/product-category/clothes/indexaa50.html]
[demo.bosathemes.com/rockway/product-category/accessories/index10c8.html]
[demo.bosathemes.com/rockway/product-category/accessories/index240e.html]
[demo.bosathemes.com/rockway/product-category/accessories/indexf9ad.html]
[demo.bosathemes.com/rockway/wp-content/plugins/woocommerce/assets/css/photoswipe/default-skin/default-skin.svg]
[demo.bosathemes.com/rockway/product-tag/clothes/index489a.html]
[demo.bosathemes.com/rockway/product-tag/clothes/indexce40.html]
[demo.bosathemes.com/rockway/product-tag/clothes/indexaa50.html]
[demo.bosathemes.com/rockway/product-tag/music-band/index10c8.html]
[demo.bosathemes.com/rockway/product-tag/music-band/index489a.html]
[demo.bosathemes.com/rockway/product-tag/music-band/indexce40.html]
[demo.bosathemes.com/rockway/product-tag/music-band/indexaa50.html]
[demo.bosathemes.com/rockway/product/song-album/index240e.html]
[demo.bosathemes.com/rockway/product-tag/music-band/page/2/index.html]
[demo.bosathemes.com/rockway/product/song-album/indexce40.html]
[demo.bosathemes.com/rockway/product-tag/sponser/index489a.html]
[demo.bosathemes.com/rockway/product-tag/sponser/indexce40.html]
[demo.bosathemes.com/rockway/product-tag/sponser/indexaa50.html]
[demo.bosathemes.com/rockway/product/band-sweat-shirt/index10c8.html]
[demo.bosathemes.com/rockway/product/band-sweat-shirt/index489a.html]
[demo.bosathemes.com/rockway/product/band-sweat-shirt/indexf9ad.html]
[demo.bosathemes.com/rockway/product-tag/entertainment/index10c8.html]
[demo.bosathemes.com/rockway/product-tag/entertainment/index240e.html]
[demo.bosathemes.com/rockway/product-tag/entertainment/indexf9ad.html]
[demo.bosathemes.com/rockway/product-tag/songs/index10c8.html]
[demo.bosathemes.com/rockway/product-tag/songs/index240e.html]
[demo.bosathemes.com/rockway/product-tag/songs/indexf9ad.html]
[demo.bosathemes.com/rockway/product/album-c-d/indexce40.html]
[demo.bosathemes.com/rockway/product/album-c-d/indexaa50.html]
[demo.bosathemes.com/rockway/product-tag/music-band/page/2/indexf9ad.html]
[demo.bosathemes.com/rockway/product-tag/music-band/page/2/index240e.html]
[demo.bosathemes.com/rockway/product/band-cap/index10c8.html]
[demo.bosathemes.com/rockway/product/band-cap/indexf9ad.html]
[demo.bosathemes.com/rockway/product/band-t-shirt/index240e.html]
[demo.bosathemes.com/rockway/product/headphone/indexce40.html]
[demo.bosathemes.com/rockway/product/album-c-d/index240e.html]
[demo.bosathemes.com/rockway/product/headphone/indexaa50.html]
[demo.bosathemes.com/rockway/product/song-album/index240e.html]
[demo.bosathemes.com/rockway/product/song-album/indexce40.html]
[demo.bosathemes.com/rockway/product/band-cap/indexce40.html]
[demo.bosathemes.com/rockway/product-tag/music-band/page/2/index240e.html]
[demo.bosathemes.com/rockway/product-tag/music-band/page/2/indexf9ad.html]
[demo.bosathemes.com/rockway/product/headphone/index489a.html]
[demo.bosathemes.com/rockway/product/song-album/index489a.html]
[demo.bosathemes.com/rockway/product-tag/music-band/page/1/index.html]
[demo.bosathemes.com/rockway/product/album-c-d/index240e.html]
[demo.bosathemes.com/rockway/product/band-cap/indexce40.html]
[demo.bosathemes.com/rockway/product/headphone/index489a.html]
[demo.bosathemes.com/rockway/product/song-album/index489a.html]
